[14204:17128:0202/214424.419:WARNING:chrome_main_delegate.cc(745)] This is Chrome version 128.0.6613.138 (not a warning)
[14204:6644:0202/214424.529:ERROR:google_update_settings.cc(265)] Failed opening key Software\Chromium to set usagestats; result: 5
[14204:17128:0202/214424.756:WARNING:account_consistency_mode_manager.cc(77)] Desktop Identity Consistency cannot be enabled as no OAuth client ID and client secret have been configured.
[14204:17128:0202/214449.175:WARNING:external_registry_loader_win.cc(232)] Error observing HKLM: 5
[14204:13180:0202/214449.657:WARNING:leveldb_database.cc(141)] Unable to open C:\Users\1900 Studios\Documents\GitHub\CUUnrealEngine\CUUnrealEngine\Saved\webcache_6613\Default\shared_proto_db\metadata: IO error: C:\Users\1900 Studios\Documents\GitHub\CUUnrealEngine\CUUnrealEngine\Saved\webcache_6613\Default\shared_proto_db\metadata/MANIFEST-000001: Unable to create sequential file (ChromeMethodBFE: 7::NewSequentialFile::1)
[14204:13180:0202/214449.777:WARNING:leveldb_database.cc(141)] Unable to open C:\Users\1900 Studios\Documents\GitHub\CUUnrealEngine\CUUnrealEngine\Saved\webcache_6613\Default\shared_proto_db\metadata: IO error: C:\Users\1900 Studios\Documents\GitHub\CUUnrealEngine\CUUnrealEngine\Saved\webcache_6613\Default\shared_proto_db\metadata/MANIFEST-000001: Unable to create sequential file (ChromeMethodBFE: 7::NewSequentialFile::1)
[14204:13180:0202/214449.785:WARNING:leveldb_database.cc(141)] Unable to open C:\Users\1900 Studios\Documents\GitHub\CUUnrealEngine\CUUnrealEngine\Saved\webcache_6613\Default\shared_proto_db\metadata: IO error: C:\Users\1900 Studios\Documents\GitHub\CUUnrealEngine\CUUnrealEngine\Saved\webcache_6613\Default\shared_proto_db\metadata/MANIFEST-000001: Unable to create sequential file (ChromeMethodBFE: 7::NewSequentialFile::1)
[14204:13180:0202/214449.795:WARNING:leveldb_database.cc(141)] Unable to open C:\Users\1900 Studios\Documents\GitHub\CUUnrealEngine\CUUnrealEngine\Saved\webcache_6613\Default\shared_proto_db\metadata: IO error: C:\Users\1900 Studios\Documents\GitHub\CUUnrealEngine\CUUnrealEngine\Saved\webcache_6613\Default\shared_proto_db\metadata/MANIFEST-000001: Unable to create sequential file (ChromeMethodBFE: 7::NewSequentialFile::1)
[14204:6644:0202/214450.724:WARNING:value_store_frontend.cc(47)] Reading ahfgeienlihckogmohjhadlkjgocpleb.alarms from  failed: IO error: .../MANIFEST-000001: Unable to create sequential file (ChromeMethodBFE: 7::NewSequentialFile::1)
[14204:6644:0202/214450.727:WARNING:value_store_frontend.cc(47)] Reading mhjfbmdgcfjbbpaeojofohoefgiehjai.alarms from  failed: IO error: .../MANIFEST-000001: Unable to create sequential file (ChromeMethodBFE: 7::NewSequentialFile::1)
[14204:11564:0202/214453.117:WARNING:leveldb_database.cc(141)] Unable to open C:\Users\1900 Studios\Documents\GitHub\CUUnrealEngine\CUUnrealEngine\Saved\webcache_6613\Default\GCM Store\Encryption: IO error: C:\Users\1900 Studios\Documents\GitHub\CUUnrealEngine\CUUnrealEngine\Saved\webcache_6613\Default\GCM Store\Encryption/MANIFEST-000001: Unable to create sequential file (ChromeMethodBFE: 7::NewSequentialFile::1)
[16048:12504:0202/214453.996:VERBOSE1:video_capture_oracle.cc(91)] Capture size auto-throttling is now enabled.
[16048:12504:0202/214453.996:VERBOSE1:video_capture_oracle.cc(120)] Capture size auto-throttling is now disabled.
[16048:12504:0202/214453.996:VERBOSE1:capture_resolution_chooser.cc(205)] Recomputed snapped frame sizes: 1x1
[16048:12504:0202/214453.996:VERBOSE1:capture_resolution_chooser.cc(157)] Recomputed capture size from 640x360 to 1x1 (100% of ideal size)
[13540:12500:0202/214454.015:WARNING:frame_impl.cc(430)] virtual CefFrameImpl::SendProcessMessage sent to detached frame 5-198641A70C4358E91F6232AA390F532B will be ignored
[15264:13996:0202/214454.667:ERROR:ssl_client_socket_impl.cc(882)] handshake failed; returned -1, SSL error code 1, net_error -100
[16048:12504:0202/214454.752:VERBOSE1:capture_resolution_chooser.cc(205)] Recomputed snapped frame sizes: 1x1
[14204:16376:0202/214456.007:WARNING:browser_info.cc(345)] Returning a speculative frame for [9,9]
[14204:17128:0202/214456.159:WARNING:browser_info.cc(345)] Returning a speculative frame for [10,5]
[14204:17128:0202/214456.160:WARNING:browser_info.cc(345)] Returning a speculative frame for [10,5]
[14204:17128:0202/214456.160:WARNING:browser_info.cc(345)] Returning a speculative frame for [10,5]
[14204:17128:0202/214456.160:WARNING:browser_info.cc(345)] Returning a speculative frame for [10,5]
[14204:16376:0202/214456.469:WARNING:browser_info.cc(345)] Returning a speculative frame for [10,5]
[15264:13996:0202/214502.882:ERROR:ssl_client_socket_impl.cc(882)] handshake failed; returned -1, SSL error code 1, net_error -100
[15264:13996:0202/214517.857:ERROR:ssl_client_socket_impl.cc(882)] handshake failed; returned -1, SSL error code 1, net_error -100
[16048:12504:0202/214715.489:VERBOSE1:video_capture_oracle.cc(91)] Capture size auto-throttling is now enabled.
[16048:12504:0202/214715.490:VERBOSE1:video_capture_oracle.cc(120)] Capture size auto-throttling is now disabled.
[16048:12504:0202/214715.491:VERBOSE1:capture_resolution_chooser.cc(205)] Recomputed snapped frame sizes: 1x1
[16048:12504:0202/214715.491:VERBOSE1:capture_resolution_chooser.cc(157)] Recomputed capture size from 640x360 to 1x1 (100% of ideal size)
[16048:12504:0202/214716.696:VERBOSE1:capture_resolution_chooser.cc(205)] Recomputed snapped frame sizes: 1x1
[14204:17128:0202/215223.278:WARNING:pref_notifier_impl.cc(41)] Pref observer for media_router.cast_allow_all_ips found at shutdown.
