[16392:8544:0217/171645.680:WARNING:chrome_main_delegate.cc(745)] This is Chrome version 128.0.6613.138 (not a warning)
[16392:15072:0217/171645.899:ERROR:google_update_settings.cc(265)] Failed opening key Software\Chromium to set usagestats; result: 5
[16392:8544:0217/171646.284:WARNING:account_consistency_mode_manager.cc(77)] Desktop Identity Consistency cannot be enabled as no OAuth client ID and client secret have been configured.
[16392:8544:0217/171710.604:WARNING:external_registry_loader_win.cc(232)] Error observing HKLM: 5
[16392:15072:0217/171710.672:WARNING:leveldb_database.cc(141)] Unable to open C:\Users\1900 Studios\Documents\GitHub\CUUnrealEngine\CUUnrealEngine\Saved\webcache_6613\Default\shared_proto_db\metadata: IO error: C:\Users\1900 Studios\Documents\GitHub\CUUnrealEngine\CUUnrealEngine\Saved\webcache_6613\Default\shared_proto_db\metadata/MANIFEST-000001: Unable to create sequential file (ChromeMethodBFE: 7::NewSequentialFile::1)
[16392:15072:0217/171710.675:WARNING:leveldb_database.cc(141)] Unable to open C:\Users\1900 Studios\Documents\GitHub\CUUnrealEngine\CUUnrealEngine\Saved\webcache_6613\Default\shared_proto_db\metadata: IO error: C:\Users\1900 Studios\Documents\GitHub\CUUnrealEngine\CUUnrealEngine\Saved\webcache_6613\Default\shared_proto_db\metadata/MANIFEST-000001: Unable to create sequential file (ChromeMethodBFE: 7::NewSequentialFile::1)
[16392:15072:0217/171710.678:WARNING:leveldb_database.cc(141)] Unable to open C:\Users\1900 Studios\Documents\GitHub\CUUnrealEngine\CUUnrealEngine\Saved\webcache_6613\Default\shared_proto_db\metadata: IO error: C:\Users\1900 Studios\Documents\GitHub\CUUnrealEngine\CUUnrealEngine\Saved\webcache_6613\Default\shared_proto_db\metadata/MANIFEST-000001: Unable to create sequential file (ChromeMethodBFE: 7::NewSequentialFile::1)
[16392:15072:0217/171710.680:WARNING:leveldb_database.cc(141)] Unable to open C:\Users\1900 Studios\Documents\GitHub\CUUnrealEngine\CUUnrealEngine\Saved\webcache_6613\Default\shared_proto_db\metadata: IO error: C:\Users\1900 Studios\Documents\GitHub\CUUnrealEngine\CUUnrealEngine\Saved\webcache_6613\Default\shared_proto_db\metadata/MANIFEST-000001: Unable to create sequential file (ChromeMethodBFE: 7::NewSequentialFile::1)
[16392:15072:0217/171712.677:WARNING:value_store_frontend.cc(47)] Reading ahfgeienlihckogmohjhadlkjgocpleb.alarms from  failed: IO error: .../MANIFEST-000001: Unable to create sequential file (ChromeMethodBFE: 7::NewSequentialFile::1)
[16392:15072:0217/171712.812:WARNING:value_store_frontend.cc(47)] Reading mhjfbmdgcfjbbpaeojofohoefgiehjai.alarms from  failed: IO error: .../MANIFEST-000001: Unable to create sequential file (ChromeMethodBFE: 7::NewSequentialFile::1)
[13992:4872:0217/171713.645:WARNING:frame_impl.cc(430)] virtual CefFrameImpl::SendProcessMessage sent to detached frame 5-05E936E2966FF9A7172F30F667147CB3 will be ignored
[16392:17220:0217/171719.961:WARNING:leveldb_database.cc(141)] Unable to open C:\Users\1900 Studios\Documents\GitHub\CUUnrealEngine\CUUnrealEngine\Saved\webcache_6613\Default\GCM Store\Encryption: IO error: C:\Users\1900 Studios\Documents\GitHub\CUUnrealEngine\CUUnrealEngine\Saved\webcache_6613\Default\GCM Store\Encryption/MANIFEST-000001: Unable to create sequential file (ChromeMethodBFE: 7::NewSequentialFile::1)
[4336:14304:0217/175315.937:VERBOSE1:video_capture_oracle.cc(91)] Capture size auto-throttling is now enabled.
[4336:14304:0217/175316.034:VERBOSE1:video_capture_oracle.cc(120)] Capture size auto-throttling is now disabled.
[4336:14304:0217/175316.034:VERBOSE1:capture_resolution_chooser.cc(205)] Recomputed snapped frame sizes: 1x1
[4336:14304:0217/175316.034:VERBOSE1:capture_resolution_chooser.cc(157)] Recomputed capture size from 640x360 to 1x1 (100% of ideal size)
[4336:14304:0217/175317.133:VERBOSE1:capture_resolution_chooser.cc(205)] Recomputed snapped frame sizes: 1x1
[4336:14304:0217/175317.468:VERBOSE1:capture_resolution_chooser.cc(205)] Recomputed snapped frame sizes: 1x1
[4336:14304:0217/175317.471:VERBOSE1:capture_resolution_chooser.cc(205)] Recomputed snapped frame sizes: 1000x567
[4336:14304:0217/175317.471:VERBOSE1:capture_resolution_chooser.cc(157)] Recomputed capture size from 1x1 to 1000x567 (100% of ideal size)
[4336:14304:0217/175319.688:VERBOSE1:video_capture_oracle.cc(91)] Capture size auto-throttling is now enabled.
[4336:14304:0217/175319.689:VERBOSE1:video_capture_oracle.cc(120)] Capture size auto-throttling is now disabled.
[4336:14304:0217/175319.689:VERBOSE1:capture_resolution_chooser.cc(205)] Recomputed snapped frame sizes: 1000x567
[4336:14304:0217/175319.689:VERBOSE1:capture_resolution_chooser.cc(157)] Recomputed capture size from 640x360 to 1000x567 (100% of ideal size)
[13012:16360:0217/175319.733:WARNING:frame_impl.cc(430)] virtual CefFrameImpl::SendProcessMessage sent to detached frame 7-1B73CA4936EB054B6366511A3996FFA1 will be ignored
[4336:14304:0217/175322.802:VERBOSE1:capture_resolution_chooser.cc(205)] Recomputed snapped frame sizes: 1000x567
[4336:14872:0217/175326.765:ERROR:shared_image_manager.cc(224)] SharedImageManager::ProduceSkia: Trying to Produce a Skia representation from a non-existent mailbox.
[4336:14872:0217/175326.767:ERROR:shared_image_manager.cc(224)] SharedImageManager::ProduceSkia: Trying to Produce a Skia representation from a non-existent mailbox.
[4336:14872:0217/175326.768:ERROR:shared_image_manager.cc(224)] SharedImageManager::ProduceSkia: Trying to Produce a Skia representation from a non-existent mailbox.
[4336:14872:0217/175326.770:ERROR:shared_image_manager.cc(224)] SharedImageManager::ProduceSkia: Trying to Produce a Skia representation from a non-existent mailbox.
[4336:14872:0217/175326.771:ERROR:shared_image_manager.cc(224)] SharedImageManager::ProduceSkia: Trying to Produce a Skia representation from a non-existent mailbox.
[4336:14872:0217/175326.771:ERROR:shared_image_manager.cc(224)] SharedImageManager::ProduceSkia: Trying to Produce a Skia representation from a non-existent mailbox.
[4336:14872:0217/175326.773:ERROR:shared_image_manager.cc(224)] SharedImageManager::ProduceSkia: Trying to Produce a Skia representation from a non-existent mailbox.
[4336:14872:0217/175326.774:ERROR:shared_image_manager.cc(224)] SharedImageManager::ProduceSkia: Trying to Produce a Skia representation from a non-existent mailbox.
[4336:14872:0217/175326.774:ERROR:shared_image_manager.cc(224)] SharedImageManager::ProduceSkia: Trying to Produce a Skia representation from a non-existent mailbox.
[4336:14872:0217/175326.775:ERROR:shared_image_manager.cc(224)] SharedImageManager::ProduceSkia: Trying to Produce a Skia representation from a non-existent mailbox.
[14964:15516:0217/181112.615:WARNING:frame_impl.cc(430)] virtual CefFrameImpl::SendProcessMessage sent to detached frame 11-1B7BC3F7F7F6552FE142F020784A4F77 will be ignored
[4336:2012:0217/181201.796:WARNING:angle_platform_impl.cc(49)] HLSLCompiler.cpp:250 (rx::HLSLCompiler::compileToBinary): 
C:\fakepath(103,1-6): warning X4000: use of potentially uninitialized variable (dyn_index_vec4_float4_int)

[4336:2012:0217/181202.448:WARNING:angle_platform_impl.cc(49)] HLSLCompiler.cpp:250 (rx::HLSLCompiler::compileToBinary): 
C:\fakepath(136,1): warning X4000: use of potentially uninitialized variable (f_i_int_int_int2)
C:\fakepath(138,1): warning X4000: use of potentially uninitialized variable (f_i_int_int_int2)
C:\fakepath(174,1): warning X4000: use of potentially uninitialized variable (f_u_int_int_int)

[4336:6792:0217/181206.062:WARNING:angle_platform_impl.cc(49)] HLSLCompiler.cpp:250 (rx::HLSLCompiler::compileToBinary): 
C:\fakepath(166,1): warning X4000: use of potentially uninitialized variable (f_renderMipMapLevel_int)

[4336:3756:0217/181206.063:WARNING:angle_platform_impl.cc(49)] HLSLCompiler.cpp:250 (rx::HLSLCompiler::compileToBinary): 
C:\fakepath(166,1): warning X4000: use of potentially uninitialized variable (f_renderMipMapLevel_int)

[4336:2012:0217/181206.113:WARNING:angle_platform_impl.cc(49)] HLSLCompiler.cpp:250 (rx::HLSLCompiler::compileToBinary): 
C:\fakepath(166,1): warning X4000: use of potentially uninitialized variable (f_renderMipMapLevel_int)

